 Starting DB Test via Controller...
Table 'happy_story' exists.
Inserting data: {"title":"CLI Test Story 12:07:06","description":"Test story inserted via Test_stories controller.","date":"2026-01-13","program_date":"2026-01-13","legion_id":0,"partner_name":"CLI Partner","program_area":"CLI Area","legion_name":"CLI Legion","area_name":"CLI Location","approval_status":1,"image":"","posted_by":1}
FATAL ERROR: Cannot add or update a child row: a foreign key constraint fails (`ztakzvxv_db`.`happy_story`, CONSTRAINT `fk_legion` FOREIGN KEY (`legion_id`) REFERENCES `legions` (`id`) ON DELETE SET NULL ON UPDATE CASCADE)
Trace: #0 C:\xampp\htdocs\senior-new\system\database\drivers\mysqli\mysqli_driver.php(307): mysqli->query('INSERT INTO `ha...')
#1 C:\xampp\htdocs\senior-new\system\database\DB_driver.php(791): CI_DB_mysqli_driver->_execute('INSERT INTO `ha...')
#2 C:\xampp\htdocs\senior-new\system\database\DB_driver.php(654): CI_DB_driver->simple_query('INSERT INTO `ha...')
#3 C:\xampp\htdocs\senior-new\system\database\DB_query_builder.php(1670): CI_DB_driver->query('INSERT INTO `ha...')
#4 C:\xampp\htdocs\senior-new\application\controllers\Test_stories.php(52): CI_DB_query_builder->insert('happy_story', Array)
#5 C:\xampp\htdocs\senior-new\system\core\CodeIgniter.php(532): Test_stories->index()
#6 C:\xampp\htdocs\senior-new\index.php(319): require_once('C:\\xampp\\htdocs...')
#7 {main}
